<?xml version="1.0" encoding="UTF-8"?>
<testsuites name="jest tests" tests="37" failures="0" errors="0" time="4.859">
  <testsuite name="Arithmetic Operations" errors="0" failures="0" skipped="0" timestamp="2026-04-16T16:19:24" time="4.22" tests="37">
    <testcase classname="Arithmetic Operations FR 1 - Addition FR 1.1 adds two hexadecimal operands" name="Arithmetic Operations FR 1 - Addition FR 1.1 adds two hexadecimal operands" time="0.007">
    </testcase>
    <testcase classname="Arithmetic Operations FR 1 - Addition FR 1.2 handles addition with zero" name="Arithmetic Operations FR 1 - Addition FR 1.2 handles addition with zero" time="0.002">
    </testcase>
    <testcase classname="Arithmetic Operations FR 1 - Addition FR 1.3 supports mixed sign values" name="Arithmetic Operations FR 1 - Addition FR 1.3 supports mixed sign values" time="0.002">
    </testcase>
    <testcase classname="Arithmetic Operations FR 2 - Subtraction FR 2.1 subtracts hexadecimal operands" name="Arithmetic Operations FR 2 - Subtraction FR 2.1 subtracts hexadecimal operands" time="0.001">
    </testcase>
    <testcase classname="Arithmetic Operations FR 2 - Subtraction FR 2.2 returns 0 for negative result" name="Arithmetic Operations FR 2 - Subtraction FR 2.2 returns 0 for negative result" time="0.002">
    </testcase>
    <testcase classname="Arithmetic Operations FR 2 - Subtraction FR 2.3 keeps result in hexadecimal" name="Arithmetic Operations FR 2 - Subtraction FR 2.3 keeps result in hexadecimal" time="0.001">
    </testcase>
    <testcase classname="Arithmetic Operations FR 3 - Multiplication FR 3.1 multiplies hexadecimal operands" name="Arithmetic Operations FR 3 - Multiplication FR 3.1 multiplies hexadecimal operands" time="0.001">
    </testcase>
    <testcase classname="Arithmetic Operations FR 3 - Multiplication FR 3.2 handles multiplication by 0" name="Arithmetic Operations FR 3 - Multiplication FR 3.2 handles multiplication by 0" time="0.001">
    </testcase>
    <testcase classname="Arithmetic Operations FR 3 - Multiplication FR 3.3 handles multiplication by 1" name="Arithmetic Operations FR 3 - Multiplication FR 3.3 handles multiplication by 1" time="0.001">
    </testcase>
    <testcase classname="Arithmetic Operations FR 4 - Division FR 4.1 divides hexadecimal operands" name="Arithmetic Operations FR 4 - Division FR 4.1 divides hexadecimal operands" time="0.001">
    </testcase>
    <testcase classname="Arithmetic Operations FR 4 - Division FR 4.2 truncates decimal result" name="Arithmetic Operations FR 4 - Division FR 4.2 truncates decimal result" time="0.001">
    </testcase>
    <testcase classname="Arithmetic Operations FR 4 - Division FR 4.3 prevents division by zero" name="Arithmetic Operations FR 4 - Division FR 4.3 prevents division by zero" time="0.03">
    </testcase>
    <testcase classname="Arithmetic Operations FR 5 - Operation Behaviour FR 5.1 supports chained operations" name="Arithmetic Operations FR 5 - Operation Behaviour FR 5.1 supports chained operations" time="0.002">
    </testcase>
    <testcase classname="Arithmetic Operations FR 5 - Operation Behaviour FR 5.2 follows commutative rule for addition and multiplication" name="Arithmetic Operations FR 5 - Operation Behaviour FR 5.2 follows commutative rule for addition and multiplication" time="0.002">
    </testcase>
    <testcase classname="Arithmetic Operations FR 5 - Operation Behaviour FR 5.3 follows non-commutative rule for subtraction and division" name="Arithmetic Operations FR 5 - Operation Behaviour FR 5.3 follows non-commutative rule for subtraction and division" time="0.001">
    </testcase>
    <testcase classname="Input Validation FR 6.1 accepts only valid hexadecimal characters" name="Input Validation FR 6.1 accepts only valid hexadecimal characters" time="0.001">
    </testcase>
    <testcase classname="Input Validation FR 6.2 restricts each operand to max two hexadecimal digits" name="Input Validation FR 6.2 restricts each operand to max two hexadecimal digits" time="0.001">
    </testcase>
    <testcase classname="Input Validation FR 6.3 rejects non-hexadecimal characters" name="Input Validation FR 6.3 rejects non-hexadecimal characters" time="0.001">
    </testcase>
    <testcase classname="Output Validation FR 7.1 restricts output to max four hexadecimal digits" name="Output Validation FR 7.1 restricts output to max four hexadecimal digits" time="0.001">
    </testcase>
    <testcase classname="Output Validation FR 7.2 prevents negative output values" name="Output Validation FR 7.2 prevents negative output values" time="0.001">
    </testcase>
    <testcase classname="Output Validation FR 7.3 prevents decimal output" name="Output Validation FR 7.3 prevents decimal output" time="0.001">
    </testcase>
    <testcase classname="Output Validation FR 7.4 guarantees valid hexadecimal output format" name="Output Validation FR 7.4 guarantees valid hexadecimal output format" time="0.001">
    </testcase>
    <testcase classname="Button-Based Interface FR 8.1 provides buttons for each hexadecimal digit" name="Button-Based Interface FR 8.1 provides buttons for each hexadecimal digit" time="0.003">
    </testcase>
    <testcase classname="Button-Based Interface FR 8.2 supports arithmetic operator buttons" name="Button-Based Interface FR 8.2 supports arithmetic operator buttons" time="0.001">
    </testcase>
    <testcase classname="Button-Based Interface FR 8.3 supports full button-only operation flow" name="Button-Based Interface FR 8.3 supports full button-only operation flow" time="0">
    </testcase>
    <testcase classname="Button-Based Interface FR 10.1 provides equals operation" name="Button-Based Interface FR 10.1 provides equals operation" time="0.001">
    </testcase>
    <testcase classname="Button-Based Interface FR 11.1 provides AC to reset calculator state" name="Button-Based Interface FR 11.1 provides AC to reset calculator state" time="0.001">
    </testcase>
    <testcase classname="Button-Based Interface FR 11.2 provides CE to remove most recent entry" name="Button-Based Interface FR 11.2 provides CE to remove most recent entry" time="0.001">
    </testcase>
    <testcase classname="Display Behaviour FR 9.1 displays current operand as input is entered" name="Display Behaviour FR 9.1 displays current operand as input is entered" time="0.001">
    </testcase>
    <testcase classname="Display Behaviour FR 9.2 displays ongoing expression while being built" name="Display Behaviour FR 9.2 displays ongoing expression while being built" time="0.001">
    </testcase>
    <testcase classname="Display Behaviour FR 9.3 updates display immediately after each button press" name="Display Behaviour FR 9.3 updates display immediately after each button press" time="0">
    </testcase>
    <testcase classname="Result Handling FR 10.2 displays computed result after equals is pressed" name="Result Handling FR 10.2 displays computed result after equals is pressed" time="0.001">
    </testcase>
    <testcase classname="Result Handling FR 10.3 allows result to be reused in next calculation" name="Result Handling FR 10.3 allows result to be reused in next calculation" time="0.001">
    </testcase>
    <testcase classname="Calculation History FR 12.1 stores only last 5 calculations" name="Calculation History FR 12.1 stores only last 5 calculations" time="0.002">
    </testcase>
    <testcase classname="Calculation History FR 12.2 allows viewing calculation history" name="Calculation History FR 12.2 allows viewing calculation history" time="0.001">
    </testcase>
    <testcase classname="Calculation History FR 12.3 stores full expression with result" name="Calculation History FR 12.3 stores full expression with result" time="0.001">
    </testcase>
    <testcase classname="Smoke tests routes operations through performHexOperation" name="Smoke tests routes operations through performHexOperation" time="0.001">
    </testcase>
  </testsuite>
</testsuites>